[1122/121050.789:ERROR:gpu_init.cc(426)] Passthrough is not supported, GL is disabled
[1122/121059.340:WARNING:angle_platform_impl.cc(48)] HLSLCompiler.cpp:257 (compileToBinary): 
C:\fakepath(102,1-6): warning X4000: use of potentially uninitialized variable (dyn_index_vec4_float4)

[1122/121100.241:WARNING:angle_platform_impl.cc(48)] HLSLCompiler.cpp:257 (compileToBinary): 
C:\fakepath(135,1): warning X4000: use of potentially uninitialized variable (f_i)
C:\fakepath(137,1): warning X4000: use of potentially uninitialized variable (f_i)
C:\fakepath(173,1): warning X4000: use of potentially uninitialized variable (f_u)

[1122/121103.184:WARNING:angle_platform_impl.cc(48)] HLSLCompiler.cpp:257 (compileToBinary): 
C:\fakepath(165,1): warning X4000: use of potentially uninitialized variable (f_renderMipMapLevel)

[1122/121103.226:WARNING:angle_platform_impl.cc(48)] HLSLCompiler.cpp:257 (compileToBinary): 
C:\fakepath(165,1): warning X4000: use of potentially uninitialized variable (f_renderMipMapLevel)

[1122/121103.242:WARNING:angle_platform_impl.cc(48)] HLSLCompiler.cpp:257 (compileToBinary): 
C:\fakepath(165,1): warning X4000: use of potentially uninitialized variable (f_renderMipMapLevel)

[1122/121103.307:WARNING:angle_platform_impl.cc(48)] HLSLCompiler.cpp:257 (compileToBinary): 
C:\fakepath(165,1): warning X4000: use of potentially uninitialized variable (f_renderMipMapLevel)

[1122/121103.598:WARNING:angle_platform_impl.cc(48)] HLSLCompiler.cpp:257 (compileToBinary): 
C:\fakepath(94,23-33): warning X3595: gradient instruction used in a loop with varying iteration; partial derivatives may have undefined value
C:\fakepath(95,23-33): warning X3595: gradient instruction used in a loop with varying iteration; partial derivatives may have undefined value

[1122/121104.035:WARNING:angle_platform_impl.cc(48)] HLSLCompiler.cpp:257 (compileToBinary): 
C:\fakepath(381,10-38): warning X4008: floating point division by zero
C:\fakepath(381,10-38): warning X4008: floating point division by zero

[1122/121129.969:WARNING:angle_platform_impl.cc(48)] HLSLCompiler.cpp:257 (compileToBinary): 
C:\fakepath(102,1-6): warning X4000: use of potentially uninitialized variable (dyn_index_vec4_float4)

[1122/121130.578:WARNING:angle_platform_impl.cc(48)] HLSLCompiler.cpp:257 (compileToBinary): 
C:\fakepath(135,1): warning X4000: use of potentially uninitialized variable (f_i)
C:\fakepath(137,1): warning X4000: use of potentially uninitialized variable (f_i)
C:\fakepath(173,1): warning X4000: use of potentially uninitialized variable (f_u)

[1122/121131.794:WARNING:angle_platform_impl.cc(48)] HLSLCompiler.cpp:257 (compileToBinary): 
C:\fakepath(165,1): warning X4000: use of potentially uninitialized variable (f_renderMipMapLevel)

[1122/121131.810:WARNING:angle_platform_impl.cc(48)] HLSLCompiler.cpp:257 (compileToBinary): 
C:\fakepath(165,1): warning X4000: use of potentially uninitialized variable (f_renderMipMapLevel)

[1122/121132.197:WARNING:angle_platform_impl.cc(48)] HLSLCompiler.cpp:257 (compileToBinary): 
C:\fakepath(94,23-33): warning X3595: gradient instruction used in a loop with varying iteration; partial derivatives may have undefined value
C:\fakepath(95,23-33): warning X3595: gradient instruction used in a loop with varying iteration; partial derivatives may have undefined value

[1122/121132.717:WARNING:angle_platform_impl.cc(48)] HLSLCompiler.cpp:257 (compileToBinary): 
C:\fakepath(381,10-38): warning X4008: floating point division by zero
C:\fakepath(381,10-38): warning X4008: floating point division by zero

[1122/121136.513:ERROR:gl_utils.cc(314)] [.WebGL-000004AD471D3400] GL_INVALID_OPERATION: Two textures of different types use the same sampler location.
[1122/121136.513:ERROR:gl_utils.cc(314)] [.WebGL-000004AD471D3400] GL_INVALID_OPERATION: Two textures of different types use the same sampler location.
[1122/121136.514:ERROR:gl_utils.cc(314)] [.WebGL-000004AD471D3400] GL_INVALID_OPERATION: Two textures of different types use the same sampler location.
[1122/121136.514:ERROR:gl_utils.cc(314)] [.WebGL-000004AD471D3400] GL_INVALID_OPERATION: Two textures of different types use the same sampler location.
[1122/121136.567:ERROR:gl_utils.cc(314)] [.WebGL-000004AD471D3400] GL_INVALID_OPERATION: Two textures of different types use the same sampler location.
[1122/121136.568:ERROR:gl_utils.cc(314)] [.WebGL-000004AD471D3400] GL_INVALID_OPERATION: Two textures of different types use the same sampler location.
[1122/121136.568:ERROR:gl_utils.cc(314)] [.WebGL-000004AD471D3400] GL_INVALID_OPERATION: Two textures of different types use the same sampler location.
[1122/121136.568:ERROR:gl_utils.cc(314)] [.WebGL-000004AD471D3400] GL_INVALID_OPERATION: Two textures of different types use the same sampler location.
[1122/121831.698:WARNING:spdy_session.cc(3431)] Received HEADERS for invalid stream 1
